src/app/admin/(dashboard)/productos/editar/[id]/page.tsx(126,65): error TS2345: Argument of type 'unknown[]' is not assignable to parameter of type 'SetStateAction<string[]>'.
  Type 'unknown[]' is not assignable to type 'string[]'.
    Type 'unknown' is not assignable to type 'string'.
src/app/admin/(dashboard)/productos/nuevo/page.tsx(112,65): error TS2345: Argument of type 'unknown[]' is not assignable to parameter of type 'SetStateAction<string[]>'.
  Type 'unknown[]' is not assignable to type 'string[]'.
    Type 'unknown' is not assignable to type 'string'.
src/components/product/ProductoPersonalizar.tsx(83,9): error TS2300: Duplicate identifier 'tallas'.
src/components/product/ProductoPersonalizar.tsx(84,9): error TS2300: Duplicate identifier 'tallas'.
